Archive member included because of file (symbol)

c:/freescale/kds_v3/toolchain/bin/../lib/gcc/arm-none-eabi/4.8.4/armv7e-m/fpu\libgcc.a(_aeabi_uldivmod.o)
                              ./source/rtos.o (__aeabi_uldivmod)
c:/freescale/kds_v3/toolchain/bin/../lib/gcc/arm-none-eabi/4.8.4/armv7e-m/fpu\libgcc.a(bpabi.o)
                              c:/freescale/kds_v3/toolchain/bin/../lib/gcc/arm-none-eabi/4.8.4/armv7e-m/fpu\libgcc.a(_aeabi_uldivmod.o) (__gnu_uldivmod_helper)
c:/freescale/kds_v3/toolchain/bin/../lib/gcc/arm-none-eabi/4.8.4/armv7e-m/fpu\libgcc.a(_dvmd_tls.o)
                              c:/freescale/kds_v3/toolchain/bin/../lib/gcc/arm-none-eabi/4.8.4/armv7e-m/fpu\libgcc.a(_aeabi_uldivmod.o) (__aeabi_ldiv0)
c:/freescale/kds_v3/toolchain/bin/../lib/gcc/arm-none-eabi/4.8.4/armv7e-m/fpu\libgcc.a(_divdi3.o)
                              c:/freescale/kds_v3/toolchain/bin/../lib/gcc/arm-none-eabi/4.8.4/armv7e-m/fpu\libgcc.a(bpabi.o) (__divdi3)
c:/freescale/kds_v3/toolchain/bin/../lib/gcc/arm-none-eabi/4.8.4/armv7e-m/fpu\libgcc.a(_udivdi3.o)
                              c:/freescale/kds_v3/toolchain/bin/../lib/gcc/arm-none-eabi/4.8.4/armv7e-m/fpu\libgcc.a(bpabi.o) (__udivdi3)
c:/freescale/kds_v3/toolchain/bin/../lib/gcc/arm-none-eabi/4.8.4/../../../../arm-none-eabi/lib/armv7e-m/fpu\libg_s.a(lib_a-errno.o)
                              ./utilities/fsl_sbrk.o (__errno)
c:/freescale/kds_v3/toolchain/bin/../lib/gcc/arm-none-eabi/4.8.4/../../../../arm-none-eabi/lib/armv7e-m/fpu\libg_s.a(lib_a-exit.o)
                              c:/freescale/kds_v3/toolchain/bin/../lib/gcc/arm-none-eabi/4.8.4/../../../../arm-none-eabi/lib/armv7e-m/fpu/crt0.o (exit)
c:/freescale/kds_v3/toolchain/bin/../lib/gcc/arm-none-eabi/4.8.4/../../../../arm-none-eabi/lib/armv7e-m/fpu\libg_s.a(lib_a-impure.o)
                              c:/freescale/kds_v3/toolchain/bin/../lib/gcc/arm-none-eabi/4.8.4/../../../../arm-none-eabi/lib/armv7e-m/fpu\libg_s.a(lib_a-exit.o) (_global_impure_ptr)
c:/freescale/kds_v3/toolchain/bin/../lib/gcc/arm-none-eabi/4.8.4/../../../../arm-none-eabi/lib/armv7e-m/fpu\libg_s.a(lib_a-init.o)
                              c:/freescale/kds_v3/toolchain/bin/../lib/gcc/arm-none-eabi/4.8.4/../../../../arm-none-eabi/lib/armv7e-m/fpu/crt0.o (__libc_init_array)
c:/freescale/kds_v3/toolchain/bin/../lib/gcc/arm-none-eabi/4.8.4/../../../../arm-none-eabi/lib/armv7e-m/fpu\libg_s.a(lib_a-memcpy-stub.o)
                              ./drivers/fsl_enet.o (memcpy)
c:/freescale/kds_v3/toolchain/bin/../lib/gcc/arm-none-eabi/4.8.4/../../../../arm-none-eabi/lib/armv7e-m/fpu\libg_s.a(lib_a-memmove.o)
                              ./utilities/fsl_shell.o (memmove)
c:/freescale/kds_v3/toolchain/bin/../lib/gcc/arm-none-eabi/4.8.4/../../../../arm-none-eabi/lib/armv7e-m/fpu\libg_s.a(lib_a-memset.o)
                              c:/freescale/kds_v3/toolchain/bin/../lib/gcc/arm-none-eabi/4.8.4/../../../../arm-none-eabi/lib/armv7e-m/fpu/crt0.o (memset)
c:/freescale/kds_v3/toolchain/bin/../lib/gcc/arm-none-eabi/4.8.4/../../../../arm-none-eabi/lib/armv7e-m/fpu\libg_s.a(lib_a-strlen.o)
                              ./utilities/fsl_debug_console.o (strlen)
c:/freescale/kds_v3/toolchain/bin/../lib/gcc/arm-none-eabi/4.8.4/../../../../arm-none-eabi/lib/armv7e-m/fpu\libnosys.a(_exit.o)
                              c:/freescale/kds_v3/toolchain/bin/../lib/gcc/arm-none-eabi/4.8.4/../../../../arm-none-eabi/lib/armv7e-m/fpu\libg_s.a(lib_a-exit.o) (_exit)

Allocating common symbols
Common symbol       size              file

alarm_2             0x1               ./source/main.o
task_2              0x1               ./source/main.o
alarm_1             0x1               ./source/main.o
task_5              0x1               ./source/main.o
s_saiHandle         0x8               ./drivers/fsl_sai.o
task_3              0x1               ./source/main.o
task_1              0x1               ./source/main.o
g_xtal32Freq        0x4               ./drivers/fsl_clock.o
task_4              0x1               ./source/main.o
g_xtal0Freq         0x4               ./drivers/fsl_clock.o

Discarded input sections

 .text          0x00000000        0x0 c:/freescale/kds_v3/toolchain/bin/../lib/gcc/arm-none-eabi/4.8.4/armv7e-m/fpu/crti.o
 .data          0x00000000        0x0 c:/freescale/kds_v3/toolchain/bin/../lib/gcc/arm-none-eabi/4.8.4/armv7e-m/fpu/crti.o
 .bss           0x00000000        0x0 c:/freescale/kds_v3/toolchain/bin/../lib/gcc/arm-none-eabi/4.8.4/armv7e-m/fpu/crti.o
 .data          0x00000000        0x4 c:/freescale/kds_v3/toolchain/bin/../lib/gcc/arm-none-eabi/4.8.4/armv7e-m/fpu/crtbegin.o
 .data          0x00000000        0x0 c:/freescale/kds_v3/toolchain/bin/../lib/gcc/arm-none-eabi/4.8.4/../../../../arm-none-eabi/lib/armv7e-m/fpu/crt0.o
 .bss           0x00000000        0x0 c:/freescale/kds_v3/toolchain/bin/../lib/gcc/arm-none-eabi/4.8.4/../../../../arm-none-eabi/lib/armv7e-m/fpu/crt0.o
[...]
Memory Configuration

Name             Origin             Length             Attributes
m_interrupts     0x00000000         0x00000400         xr
m_flash_config   0x00000400         0x00000010         xr
m_text           0x00000410         0x000ffbf0         xr
m_data           0x1fff0000         0x00010000         rw
m_data_2         0x20000000         0x00030000         rw
*default*        0x00000000         0xffffffff

Linker script and memory map

LOAD c:/freescale/kds_v3/toolchain/bin/../lib/gcc/arm-none-eabi/4.8.4/armv7e-m/fpu/crti.o
LOAD c:/freescale/kds_v3/toolchain/bin/../lib/gcc/arm-none-eabi/4.8.4/armv7e-m/fpu/crtbegin.o
LOAD c:/freescale/kds_v3/toolchain/bin/../lib/gcc/arm-none-eabi/4.8.4/../../../../arm-none-eabi/lib/armv7e-m/fpu/crt0.o
LOAD ./utilities/fsl_debug_console.o
LOAD ./utilities/fsl_notifier.o
LOAD ./utilities/fsl_sbrk.o
LOAD ./utilities/fsl_shell.o
LOAD ./startup/startup_MK64F12.o
LOAD ./source/main.o
LOAD ./source/rtos.o
LOAD ./drivers/fsl_adc16.o
LOAD ./drivers/fsl_clock.o
LOAD ./drivers/fsl_cmp.o
LOAD ./drivers/fsl_cmt.o
LOAD ./drivers/fsl_common.o
LOAD ./drivers/fsl_crc.o
LOAD ./drivers/fsl_dac.o
LOAD ./drivers/fsl_dmamux.o
LOAD ./drivers/fsl_dspi.o
LOAD ./drivers/fsl_dspi_edma.o
LOAD ./drivers/fsl_edma.o
LOAD ./drivers/fsl_enet.o
LOAD ./drivers/fsl_ewm.o
LOAD ./drivers/fsl_flash.o
LOAD ./drivers/fsl_flexbus.o
LOAD ./drivers/fsl_flexcan.o
LOAD ./drivers/fsl_ftm.o
LOAD ./drivers/fsl_gpio.o
LOAD ./drivers/fsl_i2c.o
LOAD ./drivers/fsl_i2c_edma.o
LOAD ./drivers/fsl_llwu.o
LOAD ./drivers/fsl_lptmr.o
LOAD ./drivers/fsl_pdb.o
LOAD ./drivers/fsl_pit.o
LOAD ./drivers/fsl_pmc.o
LOAD ./drivers/fsl_rcm.o
LOAD ./drivers/fsl_rnga.o
LOAD ./drivers/fsl_rtc.o
LOAD ./drivers/fsl_sai.o
LOAD ./drivers/fsl_sai_edma.o
LOAD ./drivers/fsl_sdhc.o
LOAD ./drivers/fsl_sim.o
LOAD ./drivers/fsl_smc.o
LOAD ./drivers/fsl_sysmpu.o
LOAD ./drivers/fsl_uart.o
LOAD ./drivers/fsl_uart_edma.o
LOAD ./drivers/fsl_vref.o
LOAD ./drivers/fsl_wdog.o
LOAD ./board/board.o
LOAD ./board/clock_config.o
LOAD ./board/pin_mux.o
LOAD ./CMSIS/system_MK64F12.o
LOAD c:/freescale/kds_v3/toolchain/bin/../lib/gcc/arm-none-eabi/4.8.4/../../../../arm-none-eabi/lib/armv7e-m/fpu\libstdc++_s.a
LOAD c:/freescale/kds_v3/toolchain/bin/../lib/gcc/arm-none-eabi/4.8.4/../../../../arm-none-eabi/lib/armv7e-m/fpu\libm.a
START GROUP
LOAD c:/freescale/kds_v3/toolchain/bin/../lib/gcc/arm-none-eabi/4.8.4/armv7e-m/fpu\libgcc.a
LOAD c:/freescale/kds_v3/toolchain/bin/../lib/gcc/arm-none-eabi/4.8.4/../../../../arm-none-eabi/lib/armv7e-m/fpu\libg_s.a
LOAD c:/freescale/kds_v3/toolchain/bin/../lib/gcc/arm-none-eabi/4.8.4/../../../../arm-none-eabi/lib/armv7e-m/fpu\libc_s.a
END GROUP
START GROUP
LOAD c:/freescale/kds_v3/toolchain/bin/../lib/gcc/arm-none-eabi/4.8.4/armv7e-m/fpu\libgcc.a
LOAD c:/freescale/kds_v3/toolchain/bin/../lib/gcc/arm-none-eabi/4.8.4/../../../../arm-none-eabi/lib/armv7e-m/fpu\libc_s.a
LOAD c:/freescale/kds_v3/toolchain/bin/../lib/gcc/arm-none-eabi/4.8.4/../../../../arm-none-eabi/lib/armv7e-m/fpu\libnosys.a
END GROUP
START GROUP
LOAD c:/freescale/kds_v3/toolchain/bin/../lib/gcc/arm-none-eabi/4.8.4/armv7e-m/fpu\libgcc.a
LOAD c:/freescale/kds_v3/toolchain/bin/../lib/gcc/arm-none-eabi/4.8.4/../../../../arm-none-eabi/lib/armv7e-m/fpu\libc_s.a
LOAD c:/freescale/kds_v3/toolchain/bin/../lib/gcc/arm-none-eabi/4.8.4/../../../../arm-none-eabi/lib/armv7e-m/fpu\libnosys.a
END GROUP
LOAD c:/freescale/kds_v3/toolchain/bin/../lib/gcc/arm-none-eabi/4.8.4/armv7e-m/fpu/crtend.o
LOAD c:/freescale/kds_v3/toolchain/bin/../lib/gcc/arm-none-eabi/4.8.4/armv7e-m/fpu/crtn.o
                0x00000400                HEAP_SIZE = DEFINED (__heap_size__)?__heap_size__:0x400
                0x00000400                STACK_SIZE = DEFINED (__stack_size__)?__stack_size__:0x400
                0x00000000                M_VECTOR_RAM_SIZE = DEFINED (__ram_vector_table__)?0x400:0x0

.interrupts     0x00000000      0x400
                0x00000000                __VECTOR_TABLE = .
                0x00000000                . = ALIGN (0x4)
 *(.isr_vector)
 .isr_vector    0x00000000      0x400 ./startup/startup_MK64F12.o
                0x00000000                __isr_vector
                0x00000400                . = ALIGN (0x4)

.flash_config   0x00000400       0x10
                0x00000400                . = ALIGN (0x4)
 *(.FlashConfig)
 .FlashConfig   0x00000400       0x10 ./startup/startup_MK64F12.o
                0x00000410                . = ALIGN (0x4)

.text           0x00000410     0x4084
                0x00000410                . = ALIGN (0x4)
 *(.text)
 .text          0x00000410       0x54 c:/freescale/kds_v3/toolchain/bin/../lib/gcc/arm-none-eabi/4.8.4/armv7e-m/fpu/crtbegin.o
 .text          0x00000464       0x74 c:/freescale/kds_v3/toolchain/bin/../lib/gcc/arm-none-eabi/4.8.4/../../../../arm-none-eabi/lib/armv7e-m/fpu/crt0.o
                0x00000464                _start
                0x00000464                _mainCRTStartup
 .text          0x000004d8      0x1e8 ./startup/startup_MK64F12.o
                0x000004d8                Reset_Handler
                0x00000520                DebugMon_Handler
                0x00000520                CMP0_IRQHandler
                0x00000520                USBDCD_IRQHandler
                0x00000520                DMA_Error_DriverIRQHandler
                0x00000520                ENET_Transmit_DriverIRQHandler
                0x00000520                UART4_ERR_DriverIRQHandler
                0x00000520                UART1_ERR_DriverIRQHandler
                0x00000520                BusFault_Handler
                0x00000520                LPTMR0_IRQHandler
                0x00000520                FTM2_IRQHandler
                0x00000520                PIT0_IRQHandler
                0x00000520                PORTE_IRQHandler
                0x00000520                CMP2_IRQHandler
                0x00000520                LLWU_IRQHandler
                0x00000520                FTM3_IRQHandler
                0x00000520                ENET_1588_Timer_DriverIRQHandler
                0x00000520                SWI_IRQHandler
                0x00000520                ADC0_IRQHandler
                0x00000520                UsageFault_Handler
                0x00000520                MCM_IRQHandler
                0x00000520                CMT_IRQHandler
                0x00000520                DAC1_IRQHandler
                0x00000520                PORTA_IRQHandler
                0x00000520                DefaultISR
                0x00000520                FTM0_IRQHandler
                0x00000520                UART5_ERR_DriverIRQHandler
                0x00000520                LVD_LVW_IRQHandler
                0x00000520                CMP1_IRQHandler
                0x00000520                Reserved71_IRQHandler
                0x00000520                PORTD_IRQHandler
                0x00000520                PORTB_IRQHandler
                0x00000520                PIT1_IRQHandler
                0x00000520                UART2_ERR_DriverIRQHandler
                0x00000520                ADC1_IRQHandler
                0x00000520                ENET_Error_DriverIRQHandler
                0x00000520                PIT2_IRQHandler
                0x00000520                DAC0_IRQHandler
                0x00000520                ENET_Receive_DriverIRQHandler
                0x00000520                RTC_IRQHandler
                0x00000520                UART3_ERR_DriverIRQHandler
                0x00000520                PDB0_IRQHandler
                0x00000520                UART0_ERR_DriverIRQHandler
                0x00000520                FTM1_IRQHandler
                0x00000520                Read_Collision_IRQHandler
                0x00000520                RNG_IRQHandler
                0x00000520                PIT3_IRQHandler
                0x00000520                WDOG_EWM_IRQHandler
                0x00000520                RTC_Seconds_IRQHandler
                0x00000520                MCG_IRQHandler
                0x00000520                FTFE_IRQHandler
                0x00000520                MemManage_Handler
                0x00000520                UART0_LON_DriverIRQHandler
                0x00000520                USB0_IRQHandler
                0x00000524                NMI_Handler
                0x00000528                HardFault_Handler
                0x0000052c                SVC_Handler
                0x00000538                DMA0_IRQHandler
                0x0000053c                DMA1_IRQHandler
                0x00000540                DMA2_IRQHandler
                0x00000544                DMA3_IRQHandler
                0x00000548                DMA4_IRQHandler
                0x0000054c                DMA5_IRQHandler
                0x00000550                DMA6_IRQHandler
                0x00000554                DMA7_IRQHandler
                0x00000558                DMA8_IRQHandler
                0x0000055c                DMA9_IRQHandler
                0x00000560                DMA10_IRQHandler
                0x00000564                DMA11_IRQHandler
                0x00000568                DMA12_IRQHandler
                0x0000056c                DMA13_IRQHandler
                0x00000570                DMA14_IRQHandler
                0x00000574                DMA15_IRQHandler
                0x00000578                DMA_Error_IRQHandler
                0x0000057c                I2C0_IRQHandler
                0x00000580                I2C1_IRQHandler
                0x00000584                SPI0_IRQHandler
                0x00000588                SPI1_IRQHandler
                0x0000058c                I2S0_Tx_IRQHandler
                0x00000590                I2S0_Rx_IRQHandler
                0x00000594                UART0_LON_IRQHandler
                0x00000598                UART0_RX_TX_IRQHandler
                0x0000059c                UART0_ERR_IRQHandler
                0x000005a0                UART1_RX_TX_IRQHandler
                0x000005a4                UART1_ERR_IRQHandler
                0x000005a8                UART2_RX_TX_IRQHandler
                0x000005ac                UART2_ERR_IRQHandler
                0x000005b0                UART3_RX_TX_IRQHandler
                0x000005b4                UART3_ERR_IRQHandler
                0x000005b8                SPI2_IRQHandler
                0x000005bc                UART4_RX_TX_IRQHandler
                0x000005c0                UART4_ERR_IRQHandler
                0x000005c4                UART5_RX_TX_IRQHandler
                0x000005c8                UART5_ERR_IRQHandler
                0x000005cc                I2C2_IRQHandler
                0x000005d0                CAN0_ORed_Message_buffer_IRQHandler
                0x000005d4                CAN0_Bus_Off_IRQHandler
                0x000005d8                CAN0_Error_IRQHandler
                0x000005dc                CAN0_Tx_Warning_IRQHandler
                0x000005e0                CAN0_Rx_Warning_IRQHandler
                0x000005e4                CAN0_Wake_Up_IRQHandler
                0x000005e8                SDHC_IRQHandler
 .text          0x000006c0       0x2c c:/freescale/kds_v3/toolchain/bin/../lib/gcc/arm-none-eabi/4.8.4/armv7e-m/fpu\libgcc.a(_aeabi_uldivmod.o)
                0x000006c0                __aeabi_uldivmod
 .text          0x000006ec       0x60 c:/freescale/kds_v3/toolchain/bin/../lib/gcc/arm-none-eabi/4.8.4/armv7e-m/fpu\libgcc.a(bpabi.o)
                0x000006ec                __gnu_ldivmod_helper
                0x0000071c                __gnu_uldivmod_helper
 .text          0x0000074c        0x4 c:/freescale/kds_v3/toolchain/bin/../lib/gcc/arm-none-eabi/4.8.4/armv7e-m/fpu\libgcc.a(_dvmd_tls.o)
                0x0000074c                __aeabi_idiv0
                0x0000074c                __aeabi_ldiv0
 .text          0x00000750      0x298 c:/freescale/kds_v3/toolchain/bin/../lib/gcc/arm-none-eabi/4.8.4/armv7e-m/fpu\libgcc.a(_divdi3.o)
                0x00000750                __divdi3
 .text          0x000009e8      0x284 c:/freescale/kds_v3/toolchain/bin/../lib/gcc/arm-none-eabi/4.8.4/armv7e-m/fpu\libgcc.a(_udivdi3.o)
                0x000009e8                __udivdi3
 *(.text*)
 .text.UART_EnableTx
                0x00000c6c       0x40 ./utilities/fsl_debug_console.o
 .text.UART_EnableRx
                0x00000cac       0x40 ./utilities/fsl_debug_console.o
 .text.DbgConsole_Init
                0x00000cec       0x94 ./utilities/fsl_debug_console.o
                0x00000cec                DbgConsole_Init
 .text.DbgConsole_Printf
                0x00000d80       0x40 ./utilities/fsl_debug_console.o
                0x00000d80                DbgConsole_Printf
 .text.DbgConsole_Putchar
                0x00000dc0       0x38 ./utilities/fsl_debug_console.o
                0x00000dc0                DbgConsole_Putchar
 .text.DbgConsole_PrintfPaddingCharacter
                0x00000df8       0x40 ./utilities/fsl_debug_console.o
 .text.DbgConsole_ConvertRadixNumToString
                0x00000e38      0x118 ./utilities/fsl_debug_console.o
 .text.DbgConsole_PrintfFormattedData
                0x00000f50      0x36c ./utilities/fsl_debug_console.o
 .text.PORT_ClearPinsInterruptFlags
                0x000012bc       0x1c ./source/main.o
 .text.dummy_task1
                0x000012d8       0x2c ./source/main.o
                0x000012d8                dummy_task1
 .text.dummy_task2
                0x00001304       0x2c ./source/main.o
                0x00001304                dummy_task2
 .text.dummy_task3
                0x00001330       0x2c ./source/main.o
                0x00001330                dummy_task3
 .text.dummy_task4
                0x0000135c       0x24 ./source/main.o
                0x0000135c                dummy_task4
 .text.alarm_task_1
                0x00001380       0x24 ./source/main.o
                0x00001380                alarm_task_1
 .text.PORTC_IRQHandler
                0x000013a4       0x2c ./source/main.o
                0x000013a4                PORTC_IRQHandler
 .text.main     0x000013d0       0xe4 ./source/main.o
                0x000013d0                main
 .text.NVIC_EnableIRQ
                0x000014b4       0x30 ./source/rtos.o
 .text.NVIC_SetPriority
                0x000014e4       0x54 ./source/rtos.o
 .text.CLOCK_EnableClock
                0x00001538       0x34 ./source/rtos.o
 .text.GPIO_WritePinOutput
                0x0000156c       0x34 ./source/rtos.o
 .text.PORT_SetPinConfig
                0x000015a0       0x44 ./source/rtos.o
 .text.PORT_SetPinInterruptConfig
                0x000015e4       0x38 ./source/rtos.o
 .text.rtos_start_scheduler
                0x0000161c       0x44 ./source/rtos.o
                0x0000161c                rtos_start_scheduler
 .text.rtos_create_task
                0x00001660       0xf8 ./source/rtos.o
                0x00001660                rtos_create_task
 .text.rtos_delay
                0x00001758       0x50 ./source/rtos.o
                0x00001758                rtos_delay
 .text.rtos_suspend_task
                0x000017a8       0x28 ./source/rtos.o
                0x000017a8                rtos_suspend_task
 .text.rtos_create_alarm
                0x000017d0       0xbc ./source/rtos.o
                0x000017d0                rtos_create_alarm
 .text.rtos_decrease_alarm
                0x0000188c       0xc4 ./source/rtos.o
                0x0000188c                rtos_decrease_alarm
 .text.rtos_activate_alarm_task
                0x00001950       0x70 ./source/rtos.o
                0x00001950                rtos_activate_alarm_task
 .text.rtos_activate_alarm
                0x000019c0       0x30 ./source/rtos.o
                0x000019c0                rtos_activate_alarm
 .text._reload_systick
                0x000019f0       0x78 ./source/rtos.o
 .text._scheduler
                0x00001a68      0x13c ./source/rtos.o
 .text._activate_waiting_tasks
                0x00001ba4       0x9c ./source/rtos.o
 .text._idle_task
                0x00001c40        0x8 ./source/rtos.o
 .text.SysTick_Handler
                0x00001c48       0x3c ./source/rtos.o
                0x00001c48                SysTick_Handler
 .text.PendSV_Handler
                0x00001c84       0x5c ./source/rtos.o
                0x00001c84                PendSV_Handler
 .text.setup_interrupt_button
                0x00001ce0       0x34 ./source/rtos.o
                0x00001ce0                setup_interrupt_button
 .text.enable_button_interrupt
                0x00001d14       0x24 ./source/rtos.o
                0x00001d14                enable_button_interrupt
 .text._init_is_alive
                0x00001d38       0x50 ./source/rtos.o
 .text._refresh_is_alive
                0x00001d88       0xc4 ./source/rtos.o
 .text.CLOCK_SetEr32kClock
                0x00001e4c       0x2c ./drivers/fsl_clock.o
 .text.CLOCK_SetPllFllSelClock
                0x00001e78       0x38 ./drivers/fsl_clock.o
 .text.OSC_SetExtRefClkConfig
                0x00001eb0       0x34 ./drivers/fsl_clock.o
 .text.OSC_SetCapLoad
                0x00001ee4       0x34 ./drivers/fsl_clock.o
 .text.CLOCK_GetMcgExtClkFreq
                0x00001f18       0x8c ./drivers/fsl_clock.o
 .text.CLOCK_GetFllExtRefClkFreq
                0x00001fa4       0xc8 ./drivers/fsl_clock.o
 .text.CLOCK_GetInternalRefClkSelectFreq
                0x0000206c       0x44 ./drivers/fsl_clock.o
 .text.CLOCK_GetFllRefClkFreq
                0x000020b0       0x2c ./drivers/fsl_clock.o
 .text.CLOCK_GetPll0RefFreq
                0x000020dc       0x10 ./drivers/fsl_clock.o
 .text.CLOCK_GetOscRangeFromFreq
                0x000020ec       0x3c ./drivers/fsl_clock.o
 .text.CLOCK_GetCoreSysClkFreq
                0x00002128       0x24 ./drivers/fsl_clock.o
                0x00002128                CLOCK_GetCoreSysClkFreq
 .text.CLOCK_SetSimConfig
                0x0000214c       0x34 ./drivers/fsl_clock.o
                0x0000214c                CLOCK_SetSimConfig
 .text.CLOCK_GetOutClkFreq
                0x00002180       0x64 ./drivers/fsl_clock.o
                0x00002180                CLOCK_GetOutClkFreq
 .text.CLOCK_GetFllFreq
                0x000021e4       0x74 ./drivers/fsl_clock.o
                0x000021e4                CLOCK_GetFllFreq
 .text.CLOCK_GetPll0Freq
                0x00002258       0x78 ./drivers/fsl_clock.o
                0x00002258                CLOCK_GetPll0Freq
 .text.CLOCK_SetExternalRefClkConfig
                0x000022d0       0x6c ./drivers/fsl_clock.o
                0x000022d0                CLOCK_SetExternalRefClkConfig
 .text.CLOCK_SetInternalRefClkConfig
                0x0000233c      0x104 ./drivers/fsl_clock.o
                0x0000233c                CLOCK_SetInternalRefClkConfig
 .text.CLOCK_EnablePll0
                0x00002440       0x94 ./drivers/fsl_clock.o
                0x00002440                CLOCK_EnablePll0
 .text.CLOCK_InitOsc0
                0x000024d4       0x8c ./drivers/fsl_clock.o
                0x000024d4                CLOCK_InitOsc0
 .text.CLOCK_SetPbeMode
                0x00002560       0xb8 ./drivers/fsl_clock.o
                0x00002560                CLOCK_SetPbeMode
 .text.CLOCK_BootToPeeMode
                0x00002618       0x74 ./drivers/fsl_clock.o
                0x00002618                CLOCK_BootToPeeMode
 .text.__assert_func
                0x0000268c       0x28 ./drivers/fsl_common.o
                0x0000268c                __assert_func
 .text.DSPI_IsMaster
                0x000026b4       0x1c ./drivers/fsl_dspi.o
 .text.DSPI_CommonIRQHandler
                0x000026d0       0x3c ./drivers/fsl_dspi.o
 .text.SPI0_DriverIRQHandler
                0x0000270c       0x3c ./drivers/fsl_dspi.o
                0x0000270c                SPI0_DriverIRQHandler
 .text.SPI1_DriverIRQHandler
                0x00002748       0x3c ./drivers/fsl_dspi.o
                0x00002748                SPI1_DriverIRQHandler
 .text.SPI2_DriverIRQHandler
                0x00002784       0x3c ./drivers/fsl_dspi.o
                0x00002784                SPI2_DriverIRQHandler
 .text.EDMA_HandleIRQ
                0x000027c0      0x15c ./drivers/fsl_edma.o
                0x000027c0                EDMA_HandleIRQ
 .text.DMA0_DriverIRQHandler
                0x0000291c       0x14 ./drivers/fsl_edma.o
                0x0000291c                DMA0_DriverIRQHandler
 .text.DMA1_DriverIRQHandler
                0x00002930       0x14 ./drivers/fsl_edma.o
                0x00002930                DMA1_DriverIRQHandler
 .text.DMA2_DriverIRQHandler
                0x00002944       0x14 ./drivers/fsl_edma.o
                0x00002944                DMA2_DriverIRQHandler
 .text.DMA3_DriverIRQHandler
                0x00002958       0x14 ./drivers/fsl_edma.o
                0x00002958                DMA3_DriverIRQHandler
 .text.DMA4_DriverIRQHandler
                0x0000296c       0x14 ./drivers/fsl_edma.o
                0x0000296c                DMA4_DriverIRQHandler
 .text.DMA5_DriverIRQHandler
                0x00002980       0x14 ./drivers/fsl_edma.o
                0x00002980                DMA5_DriverIRQHandler
 .text.DMA6_DriverIRQHandler
                0x00002994       0x14 ./drivers/fsl_edma.o
                0x00002994                DMA6_DriverIRQHandler
 .text.DMA7_DriverIRQHandler
                0x000029a8       0x14 ./drivers/fsl_edma.o
                0x000029a8                DMA7_DriverIRQHandler
 .text.DMA8_DriverIRQHandler
                0x000029bc       0x14 ./drivers/fsl_edma.o
                0x000029bc                DMA8_DriverIRQHandler
 .text.DMA9_DriverIRQHandler
                0x000029d0       0x14 ./drivers/fsl_edma.o
                0x000029d0                DMA9_DriverIRQHandler
 .text.DMA10_DriverIRQHandler
                0x000029e4       0x14 ./drivers/fsl_edma.o
                0x000029e4                DMA10_DriverIRQHandler
 .text.DMA11_DriverIRQHandler
                0x000029f8       0x14 ./drivers/fsl_edma.o
                0x000029f8                DMA11_DriverIRQHandler
 .text.DMA12_DriverIRQHandler
                0x00002a0c       0x14 ./drivers/fsl_edma.o
                0x00002a0c                DMA12_DriverIRQHandler
 .text.DMA13_DriverIRQHandler
                0x00002a20       0x14 ./drivers/fsl_edma.o
                0x00002a20                DMA13_DriverIRQHandler
 .text.DMA14_DriverIRQHandler
                0x00002a34       0x14 ./drivers/fsl_edma.o
                0x00002a34                DMA14_DriverIRQHandler
 .text.DMA15_DriverIRQHandler
                0x00002a48       0x14 ./drivers/fsl_edma.o
                0x00002a48                DMA15_DriverIRQHandler
 .text.ENET_Transmit_IRQHandler
                0x00002a5c       0x20 ./drivers/fsl_enet.o
                0x00002a5c                ENET_Transmit_IRQHandler
 .text.ENET_Receive_IRQHandler
                0x00002a7c       0x20 ./drivers/fsl_enet.o
                0x00002a7c                ENET_Receive_IRQHandler
 .text.ENET_Error_IRQHandler
                0x00002a9c       0x20 ./drivers/fsl_enet.o
                0x00002a9c                ENET_Error_IRQHandler
 .text.ENET_1588_Timer_IRQHandler
                0x00002abc       0x20 ./drivers/fsl_enet.o
                0x00002abc                ENET_1588_Timer_IRQHandler
 .text.CAN0_DriverIRQHandler
                0x00002adc       0x44 ./drivers/fsl_flexcan.o
                0x00002adc                CAN0_DriverIRQHandler
 .text.GPIO_WritePinOutput
                0x00002b20       0x34 ./drivers/fsl_gpio.o
 .text.GPIO_PinInit
                0x00002b54       0x70 ./drivers/fsl_gpio.o
                0x00002b54                GPIO_PinInit
 .text.I2C_TransferCommonIRQHandler
                0x00002bc4       0x50 ./drivers/fsl_i2c.o
 .text.I2C0_DriverIRQHandler
                0x00002c14       0x1c ./drivers/fsl_i2c.o
                0x00002c14                I2C0_DriverIRQHandler
 .text.I2C1_DriverIRQHandler
                0x00002c30       0x1c ./drivers/fsl_i2c.o
                0x00002c30                I2C1_DriverIRQHandler
 .text.I2C2_DriverIRQHandler
                0x00002c4c       0x1c ./drivers/fsl_i2c.o
                0x00002c4c                I2C2_DriverIRQHandler
 .text.I2S0_Tx_DriverIRQHandler
                0x00002c68       0x44 ./drivers/fsl_sai.o
                0x00002c68                I2S0_Tx_DriverIRQHandler
 .text.I2S0_Rx_DriverIRQHandler
                0x00002cac       0x44 ./drivers/fsl_sai.o
                0x00002cac                I2S0_Rx_DriverIRQHandler
 .text.SDHC_DriverIRQHandler
                0x00002cf0       0x44 ./drivers/fsl_sdhc.o
                0x00002cf0                SDHC_DriverIRQHandler
 .text.CLOCK_EnableClock
                0x00002d34       0x34 ./drivers/fsl_uart.o
 .text.UART_GetInstance
                0x00002d68       0x60 ./drivers/fsl_uart.o
                0x00002d68                UART_GetInstance
 .text.UART_Init
                0x00002dc8      0x2d8 ./drivers/fsl_uart.o
                0x00002dc8                UART_Init
 .text.UART_GetDefaultConfig
                0x000030a0       0x5c ./drivers/fsl_uart.o
                0x000030a0                UART_GetDefaultConfig
 .text.UART_GetStatusFlags
                0x000030fc       0x48 ./drivers/fsl_uart.o
                0x000030fc                UART_GetStatusFlags
 .text.UART_WriteBlocking
                0x00003144       0x40 ./drivers/fsl_uart.o
                0x00003144                UART_WriteBlocking
 .text.UART_ReadBlocking
                0x00003184       0xa4 ./drivers/fsl_uart.o
                0x00003184                UART_ReadBlocking
 .text.UART0_DriverIRQHandler
                0x00003228       0x20 ./drivers/fsl_uart.o
                0x00003228                UART0_DriverIRQHandler
 .text.UART0_RX_TX_DriverIRQHandler
                0x00003248        0xc ./drivers/fsl_uart.o
                0x00003248                UART0_RX_TX_DriverIRQHandler
 .text.UART1_DriverIRQHandler
                0x00003254       0x20 ./drivers/fsl_uart.o
                0x00003254                UART1_DriverIRQHandler
 .text.UART1_RX_TX_DriverIRQHandler
                0x00003274        0xc ./drivers/fsl_uart.o
                0x00003274                UART1_RX_TX_DriverIRQHandler
 .text.UART2_DriverIRQHandler
                0x00003280       0x20 ./drivers/fsl_uart.o
                0x00003280                UART2_DriverIRQHandler
 .text.UART2_RX_TX_DriverIRQHandler
                0x000032a0        0xc ./drivers/fsl_uart.o
                0x000032a0                UART2_RX_TX_DriverIRQHandler
 .text.UART3_DriverIRQHandler
                0x000032ac       0x20 ./drivers/fsl_uart.o
                0x000032ac                UART3_DriverIRQHandler
 .text.UART3_RX_TX_DriverIRQHandler
                0x000032cc        0xc ./drivers/fsl_uart.o
                0x000032cc                UART3_RX_TX_DriverIRQHandler
 .text.UART4_DriverIRQHandler
                0x000032d8       0x20 ./drivers/fsl_uart.o
                0x000032d8                UART4_DriverIRQHandler
 .text.UART4_RX_TX_DriverIRQHandler
                0x000032f8        0xc ./drivers/fsl_uart.o
                0x000032f8                UART4_RX_TX_DriverIRQHandler
 .text.UART5_DriverIRQHandler
                0x00003304       0x20 ./drivers/fsl_uart.o
                0x00003304                UART5_DriverIRQHandler
 .text.UART5_RX_TX_DriverIRQHandler
                0x00003324        0xc ./drivers/fsl_uart.o
                0x00003324                UART5_RX_TX_DriverIRQHandler
 .text.BOARD_InitDebugConsole
                0x00003330       0x24 ./board/board.o
                0x00003330                BOARD_InitDebugConsole
 .text.CLOCK_SetSimSafeDivs
                0x00003354       0x20 ./board/clock_config.o
 .text.CLOCK_SetXtal0Freq
                0x00003374       0x1c ./board/clock_config.o
 .text.CLOCK_CONFIG_SetFllExtRefDiv
                0x00003390       0x38 ./board/clock_config.o
 .text.BOARD_BootClockRUN
                0x000033c8       0x60 ./board/clock_config.o
                0x000033c8                BOARD_BootClockRUN
 .text.CLOCK_EnableClock
                0x00003428       0x34 ./board/pin_mux.o
 .text.PORT_SetPinMux
                0x0000345c       0x38 ./board/pin_mux.o
 .text.BOARD_InitPins
                0x00003494       0x44 ./board/pin_mux.o
                0x00003494                BOARD_InitPins
 .text.SystemInit
                0x000034d8       0x3c ./CMSIS/system_MK64F12.o
                0x000034d8                SystemInit
 .text.exit     0x00003514       0x28 c:/freescale/kds_v3/toolchain/bin/../lib/gcc/arm-none-eabi/4.8.4/../../../../arm-none-eabi/lib/armv7e-m/fpu\libg_s.a(lib_a-exit.o)
                0x00003514                exit
 .text.__libc_init_array
                0x0000353c       0x4c c:/freescale/kds_v3/toolchain/bin/../lib/gcc/arm-none-eabi/4.8.4/../../../../arm-none-eabi/lib/armv7e-m/fpu\libg_s.a(lib_a-init.o)
                0x0000353c                __libc_init_array
 .text.memset   0x00003588       0x10 c:/freescale/kds_v3/toolchain/bin/../lib/gcc/arm-none-eabi/4.8.4/../../../../arm-none-eabi/lib/armv7e-m/fpu\libg_s.a(lib_a-memset.o)
                0x00003588                memset
 .text.strlen   0x00003598       0x10 c:/freescale/kds_v3/toolchain/bin/../lib/gcc/arm-none-eabi/4.8.4/../../../../arm-none-eabi/lib/armv7e-m/fpu\libg_s.a(lib_a-strlen.o)
                0x00003598                strlen
 .text._exit    0x000035a8        0x4 c:/freescale/kds_v3/toolchain/bin/../lib/gcc/arm-none-eabi/4.8.4/../../../../arm-none-eabi/lib/armv7e-m/fpu\libnosys.a(_exit.o)
                0x000035a8                _exit
 *(.rodata)
 .rodata        0x000035ac       0xfc ./source/main.o
 .rodata        0x000036a8       0x60 ./source/rtos.o
 .rodata        0x00003708       0x48 ./drivers/fsl_clock.o
 .rodata        0x00003750       0x40 ./drivers/fsl_common.o
 .rodata        0x00003790       0xac ./drivers/fsl_dspi.o
 .rodata        0x0000383c      0x244 ./drivers/fsl_edma.o
 .rodata        0x00003a80      0x2fc ./drivers/fsl_flexcan.o
 .rodata        0x00003d7c       0x44 ./drivers/fsl_gpio.o
 .rodata        0x00003dc0       0x6c ./drivers/fsl_sai.o
 .rodata        0x00003e2c      0x328 ./drivers/fsl_sdhc.o
 .rodata        0x00004154      0x12c ./drivers/fsl_uart.o
 *(.rodata*)
 .rodata.__func__.6919
                0x00004280       0x14 ./source/rtos.o
 .rodata.__func__.6782
                0x00004294       0x18 ./drivers/fsl_clock.o
 .rodata.fllFactorTable.6903
                0x000042ac       0x10 ./drivers/fsl_clock.o
 .rodata.__func__.6918
                0x000042bc       0x14 ./drivers/fsl_clock.o
 .rodata.__func__.6963
                0x000042d0       0x14 ./drivers/fsl_clock.o
 .rodata.__func__.7105
                0x000042e4       0x14 ./drivers/fsl_clock.o
 .rodata.__func__.7172
                0x000042f8       0x14 ./drivers/fsl_clock.o
 .rodata.__func__.7443
                0x0000430c       0x18 ./drivers/fsl_dspi.o
 .rodata.__func__.7447
                0x00004324       0x18 ./drivers/fsl_dspi.o
 .rodata.__func__.7451
                0x0000433c       0x18 ./drivers/fsl_dspi.o
 .rodata.__func__.7255
                0x00004354       0x10 ./drivers/fsl_edma.o
 .rodata.__func__.7322
                0x00004364       0x18 ./drivers/fsl_flexcan.o
 .rodata.__func__.6801
                0x0000437c       0x10 ./drivers/fsl_gpio.o
 .rodata.__func__.7307
                0x0000438c       0x1c ./drivers/fsl_sai.o
 .rodata.__func__.7311
                0x000043a8       0x1c ./drivers/fsl_sai.o
 .rodata.__func__.7490
                0x000043c4       0x18 ./drivers/fsl_sdhc.o
 .rodata.s_uartBases
                0x000043dc       0x18 ./drivers/fsl_uart.o
 .rodata.s_uartClock
                0x000043f4       0x18 ./drivers/fsl_uart.o
 .rodata.__func__.6976
                0x0000440c       0x14 ./drivers/fsl_uart.o
 .rodata.__func__.6992
                0x00004420        0xc ./drivers/fsl_uart.o
 .rodata.__func__.7010
                0x0000442c       0x18 ./drivers/fsl_uart.o
 .rodata.__func__.7070
                0x00004444       0x14 ./drivers/fsl_uart.o
 .rodata.mcgConfig_BOARD_BootClockRUN
                0x00004458        0xc ./board/clock_config.o
                0x00004458                mcgConfig_BOARD_BootClockRUN
 .rodata.simConfig_BOARD_BootClockRUN
                0x00004464        0x8 ./board/clock_config.o
                0x00004464                simConfig_BOARD_BootClockRUN
 .rodata.oscConfig_BOARD_BootClockRUN
                0x0000446c        0x8 ./board/clock_config.o
                0x0000446c                oscConfig_BOARD_BootClockRUN
 .rodata.str1.1
                0x00004474        0x2 c:/freescale/kds_v3/toolchain/bin/../lib/gcc/arm-none-eabi/4.8.4/../../../../arm-none-eabi/lib/armv7e-m/fpu\libg_s.a(lib_a-impure.o)
 *fill*         0x00004476        0x2 
 .rodata._global_impure_ptr
                0x00004478        0x4 c:/freescale/kds_v3/toolchain/bin/../lib/gcc/arm-none-eabi/4.8.4/../../../../arm-none-eabi/lib/armv7e-m/fpu\libg_s.a(lib_a-impure.o)
                0x00004478                _global_impure_ptr
 *(.glue_7)
 .glue_7        0x00000000        0x0 linker stubs
 *(.glue_7t)
 .glue_7t       0x00000000        0x0 linker stubs
 *(.eh_frame)
 .eh_frame      0x0000447c        0x0 c:/freescale/kds_v3/toolchain/bin/../lib/gcc/arm-none-eabi/4.8.4/armv7e-m/fpu/crtbegin.o
 *(.init)
 .init          0x0000447c        0x4 c:/freescale/kds_v3/toolchain/bin/../lib/gcc/arm-none-eabi/4.8.4/armv7e-m/fpu/crti.o
                0x0000447c                _init
 .init          0x00004480        0x8 c:/freescale/kds_v3/toolchain/bin/../lib/gcc/arm-none-eabi/4.8.4/armv7e-m/fpu/crtn.o
 *(.fini)
 .fini          0x00004488        0x4 c:/freescale/kds_v3/toolchain/bin/../lib/gcc/arm-none-eabi/4.8.4/armv7e-m/fpu/crti.o
                0x00004488                _fini
 .fini          0x0000448c        0x8 c:/freescale/kds_v3/toolchain/bin/../lib/gcc/arm-none-eabi/4.8.4/armv7e-m/fpu/crtn.o
                0x00004494                . = ALIGN (0x4)

.vfp11_veneer   0x00004494        0x0
 .vfp11_veneer  0x00000000        0x0 linker stubs

.v4_bx          0x00004494        0x0
 .v4_bx         0x00000000        0x0 linker stubs

.iplt           0x00004494        0x0
 .iplt          0x00000000        0x0 c:/freescale/kds_v3/toolchain/bin/../lib/gcc/arm-none-eabi/4.8.4/armv7e-m/fpu/crtbegin.o

.ARM.extab
 *(.ARM.extab* .gnu.linkonce.armextab.*)

.ARM            0x00004494        0x8
                0x00004494                __exidx_start = .
 *(.ARM.exidx*)
 .ARM.exidx     0x00004494        0x8 c:/freescale/kds_v3/toolchain/bin/../lib/gcc/arm-none-eabi/4.8.4/../../../../arm-none-eabi/lib/armv7e-m/fpu/crt0.o
 .ARM.exidx     0x0000449c        0x0 c:/freescale/kds_v3/toolchain/bin/../lib/gcc/arm-none-eabi/4.8.4/armv7e-m/fpu\libgcc.a(_divdi3.o)
                                  0x8 (size before relaxing)
 .ARM.exidx     0x0000449c        0x0 c:/freescale/kds_v3/toolchain/bin/../lib/gcc/arm-none-eabi/4.8.4/armv7e-m/fpu\libgcc.a(_udivdi3.o)
                                  0x8 (size before relaxing)
                0x0000449c                __exidx_end = .

.rel.dyn        0x0000449c        0x0
 .rel.iplt      0x00000000        0x0 c:/freescale/kds_v3/toolchain/bin/../lib/gcc/arm-none-eabi/4.8.4/armv7e-m/fpu/crtbegin.o

.ctors          0x0000449c        0x0
                0x0000449c                __CTOR_LIST__ = .
 *crtbegin.o(.ctors)
 *crtbegin?.o(.ctors)
 *(EXCLUDE_FILE(*crtend.o *crtend?.o) .ctors)
 *(SORT(.ctors.*))
 *(.ctors)
                0x0000449c                __CTOR_END__ = .

.dtors          0x0000449c        0x0
                0x0000449c                __DTOR_LIST__ = .
 *crtbegin.o(.dtors)
 *crtbegin?.o(.dtors)
 *(EXCLUDE_FILE(*crtend.o *crtend?.o) .dtors)
 *(SORT(.dtors.*))
 *(.dtors)
                0x0000449c                __DTOR_END__ = .

.preinit_array  0x0000449c        0x0
                0x0000449c                PROVIDE (__preinit_array_start, .)
 *(.preinit_array*)
                0x0000449c                PROVIDE (__preinit_array_end, .)

.init_array     0x0000449c        0x4
                0x0000449c                PROVIDE (__init_array_start, .)
 *(SORT(.init_array.*))
 *(.init_array*)
 .init_array    0x0000449c        0x4 c:/freescale/kds_v3/toolchain/bin/../lib/gcc/arm-none-eabi/4.8.4/armv7e-m/fpu/crtbegin.o
                0x000044a0                PROVIDE (__init_array_end, .)

.fini_array     0x000044a0        0x4
                0x000044a0                PROVIDE (__fini_array_start, .)
 *(SORT(.fini_array.*))
 *(.fini_array*)
 .fini_array    0x000044a0        0x4 c:/freescale/kds_v3/toolchain/bin/../lib/gcc/arm-none-eabi/4.8.4/armv7e-m/fpu/crtbegin.o
                0x000044a4                PROVIDE (__fini_array_end, .)
                0x000044a4                __etext = .
                0x000044a4                __DATA_ROM = .

.interrupts_ram
                0x1fff0000        0x0
                0x1fff0000                . = ALIGN (0x4)
                0x1fff0000                __VECTOR_RAM__ = .
                0x1fff0000                __interrupts_ram_start__ = .
 *(.m_interrupts_ram)
                0x1fff0000                . = (. + M_VECTOR_RAM_SIZE)
                0x1fff0000                . = ALIGN (0x4)
                0x1fff0000                __interrupts_ram_end__ = .
                0x00000000                __VECTOR_RAM = DEFINED (__ram_vector_table__)?__VECTOR_RAM__:ORIGIN (m_interrupts)
                0x00000000                __RAM_VECTOR_TABLE_SIZE_BYTES = DEFINED (__ram_vector_table__)?(__interrupts_ram_end__ - __interrupts_ram_start__):0x0

.data           0x1fff0000       0x7c load address 0x000044a4
                0x1fff0000                . = ALIGN (0x4)
                0x1fff0000                __DATA_RAM = .
                0x1fff0000                __data_start__ = .
 *(.data)
 *(.data*)
 .data.config_sw
                0x1fff0000        0x4 ./source/rtos.o
                0x1fff0000                config_sw
 .data.led_config_input
                0x1fff0004        0x4 ./source/rtos.o
                0x1fff0004                led_config_input
 .data.first.7082
                0x1fff0008        0x1 ./source/rtos.o
 *fill*         0x1fff0009        0x3 
 .data.s_slowIrcFreq
                0x1fff000c        0x4 ./drivers/fsl_clock.o
 .data.s_fastIrcFreq
                0x1fff0010        0x4 ./drivers/fsl_clock.o
 .data.SystemCoreClock
                0x1fff0014        0x4 ./CMSIS/system_MK64F12.o
                0x1fff0014                SystemCoreClock
 .data.impure_data
                0x1fff0018       0x60 c:/freescale/kds_v3/toolchain/bin/../lib/gcc/arm-none-eabi/4.8.4/../../../../arm-none-eabi/lib/armv7e-m/fpu\libg_s.a(lib_a-impure.o)
 *(.jcr*)
 .jcr           0x1fff0078        0x0 c:/freescale/kds_v3/toolchain/bin/../lib/gcc/arm-none-eabi/4.8.4/armv7e-m/fpu/crtbegin.o
 .jcr           0x1fff0078        0x4 c:/freescale/kds_v3/toolchain/bin/../lib/gcc/arm-none-eabi/4.8.4/armv7e-m/fpu/crtend.o
                0x1fff007c                . = ALIGN (0x4)
                0x1fff007c                __data_end__ = .
                0x00004520                __DATA_END = (__DATA_ROM + (__data_end__ - __data_start__))
                0x00100000                text_end = (ORIGIN (m_text) + 0xffbf0)
                0x00000001                ASSERT ((__DATA_END <= text_end), region m_text overflowed with text and data)

.igot.plt       0x1fff007c        0x0 load address 0x00004520
 .igot.plt      0x00000000        0x0 c:/freescale/kds_v3/toolchain/bin/../lib/gcc/arm-none-eabi/4.8.4/armv7e-m/fpu/crtbegin.o

.bss            0x1fff0080     0x1394 load address 0x00004528
                0x1fff0080                . = ALIGN (0x4)
                0x1fff0080                __START_BSS = .
                0x1fff0080                __bss_start__ = .
 *(.bss)
 .bss           0x1fff0080       0x1c c:/freescale/kds_v3/toolchain/bin/../lib/gcc/arm-none-eabi/4.8.4/armv7e-m/fpu/crtbegin.o
 *(.bss*)
 .bss.s_debugConsole
                0x1fff009c       0x10 ./utilities/fsl_debug_console.o
 *fill*         0x1fff00ac        0x4 
 .bss._task_list
                0x1fff00b0     0x1248 ./source/rtos.o
 .bss._alarm_list
                0x1fff12f8       0x4c ./source/rtos.o
 .bss.count.7119
                0x1fff1344        0x4 ./source/rtos.o
 .bss.state.7118
                0x1fff1348        0x1 ./source/rtos.o
 *fill*         0x1fff1349        0x3 
 .bss.g_dspiHandle
                0x1fff134c        0xc ./drivers/fsl_dspi.o
 .bss.s_dspiMasterIsr
                0x1fff1358        0x4 ./drivers/fsl_dspi.o
 .bss.s_dspiSlaveIsr
                0x1fff135c        0x4 ./drivers/fsl_dspi.o
 .bss.s_EDMAHandle
                0x1fff1360       0x40 ./drivers/fsl_edma.o
 .bss.s_ENETHandle
                0x1fff13a0        0x4 ./drivers/fsl_enet.o
 .bss.s_enetTxIsr
                0x1fff13a4        0x4 ./drivers/fsl_enet.o
 .bss.s_enetRxIsr
                0x1fff13a8        0x4 ./drivers/fsl_enet.o
 .bss.s_enetErrIsr
                0x1fff13ac        0x4 ./drivers/fsl_enet.o
 .bss.s_enetTsIsr
                0x1fff13b0        0x4 ./drivers/fsl_enet.o
 .bss.s_flexcanHandle
                0x1fff13b4        0x4 ./drivers/fsl_flexcan.o
 .bss.s_flexcanIsr
                0x1fff13b8        0x4 ./drivers/fsl_flexcan.o
 .bss.s_i2cHandle
                0x1fff13bc        0xc ./drivers/fsl_i2c.o
 .bss.s_i2cMasterIsr
                0x1fff13c8        0x4 ./drivers/fsl_i2c.o
 .bss.s_i2cSlaveIsr
                0x1fff13cc        0x4 ./drivers/fsl_i2c.o
 .bss.s_saiTxIsr
                0x1fff13d0        0x4 ./drivers/fsl_sai.o
 .bss.s_saiRxIsr
                0x1fff13d4        0x4 ./drivers/fsl_sai.o
 .bss.s_sdhcHandle
                0x1fff13d8        0x4 ./drivers/fsl_sdhc.o
 .bss.s_sdhcIsr
                0x1fff13dc        0x4 ./drivers/fsl_sdhc.o
 .bss.s_uartHandle
                0x1fff13e0       0x18 ./drivers/fsl_uart.o
 .bss.s_uartIsr
                0x1fff13f8        0x4 ./drivers/fsl_uart.o
 *(COMMON)
 COMMON         0x1fff13fc        0x7 ./source/main.o
                0x1fff13fc                alarm_2
                0x1fff13fd                task_2
                0x1fff13fe                alarm_1
                0x1fff13ff                task_5
                0x1fff1400                task_3
                0x1fff1401                task_1
                0x1fff1402                task_4
 *fill*         0x1fff1403        0x1 
 COMMON         0x1fff1404        0x8 ./drivers/fsl_clock.o
                0x1fff1404                g_xtal32Freq
                0x1fff1408                g_xtal0Freq
 COMMON         0x1fff140c        0x8 ./drivers/fsl_sai.o
                0x1fff140c                s_saiHandle
                0x1fff1414                . = ALIGN (0x4)
                0x1fff1414                __bss_end__ = .
                0x1fff1414                __END_BSS = .

.heap           0x20000000      0x400
                0x20000000                . = ALIGN (0x8)
                0x20000000                __end__ = .
                0x20000000                PROVIDE (end, .)
                0x20000000                __HeapBase = .
                0x20000400                . = (. + HEAP_SIZE)
 *fill*         0x20000000      0x400 
                0x20000400                __HeapLimit = .
                0x20000400                __heap_limit = .

.stack          0x20000400      0x400
                0x20000400                . = ALIGN (0x8)
                0x20000800                . = (. + STACK_SIZE)
 *fill*         0x20000400      0x400 
                0x20030000                __StackTop = (ORIGIN (m_data_2) + 0x30000)
                0x2002fc00                __StackLimit = (__StackTop - STACK_SIZE)
                0x20030000                PROVIDE (__stack, __StackTop)

.ARM.attributes
                0x00000000       0x30
 *(.ARM.attributes)
 .ARM.attributes
                0x00000000       0x22 c:/freescale/kds_v3/toolchain/bin/../lib/gcc/arm-none-eabi/4.8.4/armv7e-m/fpu/crti.o
 .ARM.attributes
                0x00000022       0x34 c:/freescale/kds_v3/toolchain/bin/../lib/gcc/arm-none-eabi/4.8.4/armv7e-m/fpu/crtbegin.o
 .ARM.attributes
                0x00000056       0x20 c:/freescale/kds_v3/toolchain/bin/../lib/gcc/arm-none-eabi/4.8.4/../../../../arm-none-eabi/lib/armv7e-m/fpu/crt0.o
 .ARM.attributes
                0x00000076       0x39 ./utilities/fsl_debug_console.o
 .ARM.attributes
                0x000000af       0x1f ./startup/startup_MK64F12.o
 .ARM.attributes
                0x000000ce       0x39 ./source/main.o
 .ARM.attributes
                0x00000107       0x39 ./source/rtos.o
 .ARM.attributes
                0x00000140       0x39 ./drivers/fsl_clock.o
 .ARM.attributes
                0x00000179       0x39 ./drivers/fsl_common.o
 .ARM.attributes
                0x000001b2       0x39 ./drivers/fsl_dspi.o
 .ARM.attributes
                0x000001eb       0x39 ./drivers/fsl_edma.o
 .ARM.attributes
                0x00000224       0x39 ./drivers/fsl_enet.o
 .ARM.attributes
                0x0000025d       0x39 ./drivers/fsl_flexcan.o
 .ARM.attributes
                0x00000296       0x39 ./drivers/fsl_gpio.o
 .ARM.attributes
                0x000002cf       0x39 ./drivers/fsl_i2c.o
 .ARM.attributes
                0x00000308       0x39 ./drivers/fsl_sai.o
 .ARM.attributes
                0x00000341       0x39 ./drivers/fsl_sdhc.o
 .ARM.attributes
                0x0000037a       0x39 ./drivers/fsl_uart.o
 .ARM.attributes
                0x000003b3       0x39 ./board/board.o
 .ARM.attributes
                0x000003ec       0x39 ./board/clock_config.o
 .ARM.attributes
                0x00000425       0x39 ./board/pin_mux.o
 .ARM.attributes
                0x0000045e       0x39 ./CMSIS/system_MK64F12.o
 .ARM.attributes
                0x00000497       0x22 c:/freescale/kds_v3/toolchain/bin/../lib/gcc/arm-none-eabi/4.8.4/armv7e-m/fpu\libgcc.a(_aeabi_uldivmod.o)
 .ARM.attributes
                0x000004b9       0x34 c:/freescale/kds_v3/toolchain/bin/../lib/gcc/arm-none-eabi/4.8.4/armv7e-m/fpu\libgcc.a(bpabi.o)
 .ARM.attributes
                0x000004ed       0x22 c:/freescale/kds_v3/toolchain/bin/../lib/gcc/arm-none-eabi/4.8.4/armv7e-m/fpu\libgcc.a(_dvmd_tls.o)
 .ARM.attributes
                0x0000050f       0x34 c:/freescale/kds_v3/toolchain/bin/../lib/gcc/arm-none-eabi/4.8.4/armv7e-m/fpu\libgcc.a(_divdi3.o)
 .ARM.attributes
                0x00000543       0x34 c:/freescale/kds_v3/toolchain/bin/../lib/gcc/arm-none-eabi/4.8.4/armv7e-m/fpu\libgcc.a(_udivdi3.o)
 .ARM.attributes
                0x00000577       0x34 c:/freescale/kds_v3/toolchain/bin/../lib/gcc/arm-none-eabi/4.8.4/../../../../arm-none-eabi/lib/armv7e-m/fpu\libg_s.a(lib_a-exit.o)
 .ARM.attributes
                0x000005ab       0x34 c:/freescale/kds_v3/toolchain/bin/../lib/gcc/arm-none-eabi/4.8.4/../../../../arm-none-eabi/lib/armv7e-m/fpu\libg_s.a(lib_a-impure.o)
 .ARM.attributes
                0x000005df       0x34 c:/freescale/kds_v3/toolchain/bin/../lib/gcc/arm-none-eabi/4.8.4/../../../../arm-none-eabi/lib/armv7e-m/fpu\libg_s.a(lib_a-init.o)
 .ARM.attributes
                0x00000613       0x34 c:/freescale/kds_v3/toolchain/bin/../lib/gcc/arm-none-eabi/4.8.4/../../../../arm-none-eabi/lib/armv7e-m/fpu\libg_s.a(lib_a-memset.o)
 .ARM.attributes
                0x00000647       0x34 c:/freescale/kds_v3/toolchain/bin/../lib/gcc/arm-none-eabi/4.8.4/../../../../arm-none-eabi/lib/armv7e-m/fpu\libg_s.a(lib_a-strlen.o)
 .ARM.attributes
                0x0000067b       0x34 c:/freescale/kds_v3/toolchain/bin/../lib/gcc/arm-none-eabi/4.8.4/../../../../arm-none-eabi/lib/armv7e-m/fpu\libnosys.a(_exit.o)
 .ARM.attributes
                0x000006af       0x34 c:/freescale/kds_v3/toolchain/bin/../lib/gcc/arm-none-eabi/4.8.4/armv7e-m/fpu/crtend.o
 .ARM.attributes
                0x000006e3       0x22 c:/freescale/kds_v3/toolchain/bin/../lib/gcc/arm-none-eabi/4.8.4/armv7e-m/fpu/crtn.o
                0x00000001                ASSERT ((__StackLimit >= __HeapLimit), region m_data_2 overflowed with stack and heap)
OUTPUT(RTOS_Alarms_Tasks.elf elf32-littlearm)

.debug_info     0x00000000    0x16ba6
 .debug_info    0x00000000      0xd9c ./utilities/fsl_debug_console.o
 .debug_info    0x00000d9c       0x7a ./startup/startup_MK64F12.o
 .debug_info    0x00000e16      0x51e ./source/main.o
 .debug_info    0x00001334     0x1529 ./source/rtos.o
 .debug_info    0x0000285d     0x1f0e ./drivers/fsl_clock.o
 .debug_info    0x0000476b      0x6d9 ./drivers/fsl_common.o
 .debug_info    0x00004e44     0x232d ./drivers/fsl_dspi.o
 .debug_info    0x00007171     0x20e5 ./drivers/fsl_edma.o
 .debug_info    0x00009256     0x234d ./drivers/fsl_enet.o
 .debug_info    0x0000b5a3     0x1fc7 ./drivers/fsl_flexcan.o
 .debug_info    0x0000d56a      0x5c0 ./drivers/fsl_gpio.o
 .debug_info    0x0000db2a     0x1dec ./drivers/fsl_i2c.o
 .debug_info    0x0000f916     0x1c7e ./drivers/fsl_sai.o
 .debug_info    0x00011594     0x2214 ./drivers/fsl_sdhc.o
 .debug_info    0x000137a8     0x1a85 ./drivers/fsl_uart.o
 .debug_info    0x0001522d      0x2eb ./board/board.o
 .debug_info    0x00015518      0xa0d ./board/clock_config.o
 .debug_info    0x00015f25      0x67b ./board/pin_mux.o
 .debug_info    0x000165a0      0x606 ./CMSIS/system_MK64F12.o

.debug_abbrev   0x00000000     0x2b3c
 .debug_abbrev  0x00000000      0x28c ./utilities/fsl_debug_console.o
 .debug_abbrev  0x0000028c       0x14 ./startup/startup_MK64F12.o
 .debug_abbrev  0x000002a0      0x184 ./source/main.o
 .debug_abbrev  0x00000424      0x3f2 ./source/rtos.o
 .debug_abbrev  0x00000816      0x301 ./drivers/fsl_clock.o
 .debug_abbrev  0x00000b17      0x233 ./drivers/fsl_common.o
 .debug_abbrev  0x00000d4a      0x2d7 ./drivers/fsl_dspi.o
 .debug_abbrev  0x00001021      0x38c ./drivers/fsl_edma.o
 .debug_abbrev  0x000013ad      0x27a ./drivers/fsl_enet.o
 .debug_abbrev  0x00001627      0x2dd ./drivers/fsl_flexcan.o
 .debug_abbrev  0x00001904      0x195 ./drivers/fsl_gpio.o
 .debug_abbrev  0x00001a99      0x329 ./drivers/fsl_i2c.o
 .debug_abbrev  0x00001dc2      0x2a7 ./drivers/fsl_sai.o
 .debug_abbrev  0x00002069      0x292 ./drivers/fsl_sdhc.o
 .debug_abbrev  0x000022fb      0x2d9 ./drivers/fsl_uart.o
 .debug_abbrev  0x000025d4      0x100 ./board/board.o
 .debug_abbrev  0x000026d4      0x1e8 ./board/clock_config.o
 .debug_abbrev  0x000028bc      0x166 ./board/pin_mux.o
 .debug_abbrev  0x00002a22      0x11a ./CMSIS/system_MK64F12.o

.debug_aranges  0x00000000     0x11a0
 .debug_aranges
                0x00000000       0x90 ./utilities/fsl_debug_console.o
 .debug_aranges
                0x00000090       0x20 ./startup/startup_MK64F12.o
 .debug_aranges
                0x000000b0       0x60 ./source/main.o
 .debug_aranges
                0x00000110       0xf8 ./source/rtos.o
 .debug_aranges
                0x00000208      0x1e8 ./drivers/fsl_clock.o
 .debug_aranges
                0x000003f0       0x38 ./drivers/fsl_common.o
 .debug_aranges
                0x00000428      0x1a8 ./drivers/fsl_dspi.o
 .debug_aranges
                0x000005d0      0x208 ./drivers/fsl_edma.o
 .debug_aranges
                0x000007d8      0x148 ./drivers/fsl_enet.o
 .debug_aranges
                0x00000920      0x178 ./drivers/fsl_flexcan.o
 .debug_aranges
                0x00000a98       0x40 ./drivers/fsl_gpio.o
 .debug_aranges
                0x00000ad8      0x180 ./drivers/fsl_i2c.o
 .debug_aranges
                0x00000c58      0x168 ./drivers/fsl_sai.o
 .debug_aranges
                0x00000dc0      0x198 ./drivers/fsl_sdhc.o
 .debug_aranges
                0x00000f58      0x170 ./drivers/fsl_uart.o
 .debug_aranges
                0x000010c8       0x20 ./board/board.o
 .debug_aranges
                0x000010e8       0x58 ./board/clock_config.o
 .debug_aranges
                0x00001140       0x38 ./board/pin_mux.o
 .debug_aranges
                0x00001178       0x28 ./CMSIS/system_MK64F12.o

.debug_ranges   0x00000000     0x1060
 .debug_ranges  0x00000000       0x80 ./utilities/fsl_debug_console.o
 .debug_ranges  0x00000080       0x50 ./source/main.o
 .debug_ranges  0x000000d0       0xe8 ./source/rtos.o
 .debug_ranges  0x000001b8      0x1d8 ./drivers/fsl_clock.o
 .debug_ranges  0x00000390       0x28 ./drivers/fsl_common.o
 .debug_ranges  0x000003b8      0x198 ./drivers/fsl_dspi.o
 .debug_ranges  0x00000550      0x1f8 ./drivers/fsl_edma.o
 .debug_ranges  0x00000748      0x138 ./drivers/fsl_enet.o
 .debug_ranges  0x00000880      0x168 ./drivers/fsl_flexcan.o
 .debug_ranges  0x000009e8       0x30 ./drivers/fsl_gpio.o
 .debug_ranges  0x00000a18      0x170 ./drivers/fsl_i2c.o
 .debug_ranges  0x00000b88      0x158 ./drivers/fsl_sai.o
 .debug_ranges  0x00000ce0      0x188 ./drivers/fsl_sdhc.o
 .debug_ranges  0x00000e68      0x160 ./drivers/fsl_uart.o
 .debug_ranges  0x00000fc8       0x10 ./board/board.o
 .debug_ranges  0x00000fd8       0x48 ./board/clock_config.o
 .debug_ranges  0x00001020       0x28 ./board/pin_mux.o
 .debug_ranges  0x00001048       0x18 ./CMSIS/system_MK64F12.o

.debug_macro    0x00000000    0x13e01
 .debug_macro   0x00000000      0x1ee ./utilities/fsl_debug_console.o
 .debug_macro   0x000001ee      0x86e ./utilities/fsl_debug_console.o
 .debug_macro   0x00000a5c       0x58 ./utilities/fsl_debug_console.o
 .debug_macro   0x00000ab4       0x58 ./utilities/fsl_debug_console.o
 .debug_macro   0x00000b0c       0x16 ./utilities/fsl_debug_console.o
 .debug_macro   0x00000b22       0x35 ./utilities/fsl_debug_console.o
 .debug_macro   0x00000b57       0xa3 ./utilities/fsl_debug_console.o
 .debug_macro   0x00000bfa       0x16 ./utilities/fsl_debug_console.o
 .debug_macro   0x00000c10      0x10e ./utilities/fsl_debug_console.o
 .debug_macro   0x00000d1e       0x7f ./utilities/fsl_debug_console.o
 .debug_macro   0x00000d9d       0x4a ./utilities/fsl_debug_console.o
 .debug_macro   0x00000de7       0x52 ./utilities/fsl_debug_console.o
 .debug_macro   0x00000e39       0x16 ./utilities/fsl_debug_console.o
 .debug_macro   0x00000e4f       0x43 ./utilities/fsl_debug_console.o
 .debug_macro   0x00000e92      0x180 ./utilities/fsl_debug_console.o
 .debug_macro   0x00001012       0x16 ./utilities/fsl_debug_console.o
 .debug_macro   0x00001028       0x29 ./utilities/fsl_debug_console.o
 .debug_macro   0x00001051      0x1e1 ./utilities/fsl_debug_console.o
 .debug_macro   0x00001232       0x16 ./utilities/fsl_debug_console.o
 .debug_macro   0x00001248       0x22 ./utilities/fsl_debug_console.o
 .debug_macro   0x0000126a      0x20f ./utilities/fsl_debug_console.o
 .debug_macro   0x00001479      0x2a6 ./utilities/fsl_debug_console.o
 .debug_macro   0x0000171f       0x10 ./utilities/fsl_debug_console.o
 .debug_macro   0x0000172f       0x35 ./utilities/fsl_debug_console.o
 .debug_macro   0x00001764       0x1f ./utilities/fsl_debug_console.o
 .debug_macro   0x00001783       0x10 ./utilities/fsl_debug_console.o
 .debug_macro   0x00001793       0x5b ./utilities/fsl_debug_console.o
 .debug_macro   0x000017ee       0x3b ./utilities/fsl_debug_console.o
 .debug_macro   0x00001829       0x50 ./utilities/fsl_debug_console.o
 .debug_macro   0x00001879      0xd40 ./utilities/fsl_debug_console.o
 .debug_macro   0x000025b9       0x44 ./utilities/fsl_debug_console.o
 .debug_macro   0x000025fd     0xe07b ./utilities/fsl_debug_console.o
 .debug_macro   0x00010678     0x13c7 ./utilities/fsl_debug_console.o
 .debug_macro   0x00011a3f       0x3a ./utilities/fsl_debug_console.o
 .debug_macro   0x00011a79      0x171 ./utilities/fsl_debug_console.o
 .debug_macro   0x00011bea       0x35 ./utilities/fsl_debug_console.o
 .debug_macro   0x00011c1f       0x3a ./utilities/fsl_debug_console.o
 .debug_macro   0x00011c59       0x10 ./utilities/fsl_debug_console.o
 .debug_macro   0x00011c69      0x1e0 ./source/main.o
 .debug_macro   0x00011e49       0x16 ./source/main.o
 .debug_macro   0x00011e5f       0x10 ./source/main.o
 .debug_macro   0x00011e6f      0x14a ./source/main.o
 .debug_macro   0x00011fb9       0x40 ./source/main.o
 .debug_macro   0x00011ff9       0x10 ./source/main.o
 .debug_macro   0x00012009       0x3a ./source/main.o
 .debug_macro   0x00012043      0x20b ./source/rtos.o
 .debug_macro   0x0001224e       0x44 ./source/rtos.o
 .debug_macro   0x00012292      0x24c ./drivers/fsl_clock.o
 .debug_macro   0x000124de      0x199 ./drivers/fsl_common.o
 .debug_macro   0x00012677      0x195 ./drivers/fsl_dspi.o
 .debug_macro   0x0001280c       0x3a ./drivers/fsl_dspi.o
 .debug_macro   0x00012846      0x19b ./drivers/fsl_edma.o
 .debug_macro   0x000129e1       0x16 ./drivers/fsl_edma.o
 .debug_macro   0x000129f7      0x26d ./drivers/fsl_enet.o
 .debug_macro   0x00012c64       0xb6 ./drivers/fsl_enet.o
 .debug_macro   0x00012d1a      0x19b ./drivers/fsl_flexcan.o
 .debug_macro   0x00012eb5       0xcf ./drivers/fsl_flexcan.o
 .debug_macro   0x00012f84      0x196 ./drivers/fsl_gpio.o
 .debug_macro   0x0001311a      0x195 ./drivers/fsl_i2c.o
 .debug_macro   0x000132af       0x10 ./drivers/fsl_i2c.o
 .debug_macro   0x000132bf      0x195 ./drivers/fsl_sai.o
 .debug_macro   0x00013454       0x11 ./drivers/fsl_sai.o
 .debug_macro   0x00013465      0x1ad ./drivers/fsl_sdhc.o
 .debug_macro   0x00013612       0x64 ./drivers/fsl_sdhc.o
 .debug_macro   0x00013676      0x19c ./drivers/fsl_uart.o
 .debug_macro   0x00013812      0x1b6 ./board/board.o
 .debug_macro   0x000139c8       0x1c ./board/board.o
 .debug_macro   0x000139e4      0x1cd ./board/clock_config.o
 .debug_macro   0x00013bb1      0x1ab ./board/pin_mux.o
 .debug_macro   0x00013d5c       0xa5 ./CMSIS/system_MK64F12.o

.debug_line     0x00000000     0x8823
 .debug_line    0x00000000      0x7ab ./utilities/fsl_debug_console.o
 .debug_line    0x000007ab      0x174 ./startup/startup_MK64F12.o
 .debug_line    0x0000091f      0x4cd ./source/main.o
 .debug_line    0x00000dec      0x68b ./source/rtos.o
 .debug_line    0x00001477      0xb13 ./drivers/fsl_clock.o
 .debug_line    0x00001f8a      0x3ca ./drivers/fsl_common.o
 .debug_line    0x00002354      0xbbf ./drivers/fsl_dspi.o
 .debug_line    0x00002f13      0xb38 ./drivers/fsl_edma.o
 .debug_line    0x00003a4b      0x994 ./drivers/fsl_enet.o
 .debug_line    0x000043df      0xa7e ./drivers/fsl_flexcan.o
 .debug_line    0x00004e5d      0x3a7 ./drivers/fsl_gpio.o
 .debug_line    0x00005204      0xafa ./drivers/fsl_i2c.o
 .debug_line    0x00005cfe      0x932 ./drivers/fsl_sai.o
 .debug_line    0x00006630      0xa78 ./drivers/fsl_sdhc.o
 .debug_line    0x000070a8      0xa0e ./drivers/fsl_uart.o
 .debug_line    0x00007ab6      0x37b ./board/board.o
 .debug_line    0x00007e31      0x3f0 ./board/clock_config.o
 .debug_line    0x00008221      0x38b ./board/pin_mux.o
 .debug_line    0x000085ac      0x277 ./CMSIS/system_MK64F12.o

.debug_str      0x00000000    0x87d7e
 .debug_str     0x00000000    0x7a632 ./utilities/fsl_debug_console.o
                              0x7a94a (size before relaxing)
 .debug_str     0x0007a632      0xdca ./source/main.o
                              0x7a463 (size before relaxing)
 .debug_str     0x0007b3fc     0x1228 ./source/rtos.o
                              0x7ac14 (size before relaxing)
 .debug_str     0x0007c624     0x1a68 ./drivers/fsl_clock.o
                              0x7b3cb (size before relaxing)
 .debug_str     0x0007e08c      0x118 ./drivers/fsl_common.o
                              0x7984e (size before relaxing)
 .debug_str     0x0007e1a4     0x128d ./drivers/fsl_dspi.o
                              0x7b18e (size before relaxing)
 .debug_str     0x0007f431      0xfbf ./drivers/fsl_edma.o
                              0x7af46 (size before relaxing)
 .debug_str     0x000803f0     0x1c5a ./drivers/fsl_enet.o
                              0x7bc30 (size before relaxing)
 .debug_str     0x0008204a     0x1d41 ./drivers/fsl_flexcan.o
                              0x7bc48 (size before relaxing)
 .debug_str     0x00083d8b       0x8d ./drivers/fsl_gpio.o
                              0x79760 (size before relaxing)
 .debug_str     0x00083e18      0xc13 ./drivers/fsl_i2c.o
                              0x7ab57 (size before relaxing)
 .debug_str     0x00084a2b      0xa36 ./drivers/fsl_sai.o
                              0x7a9a2 (size before relaxing)
 .debug_str     0x00085461     0x18b5 ./drivers/fsl_sdhc.o
                              0x7b800 (size before relaxing)
 .debug_str     0x00086d16      0xb3b ./drivers/fsl_uart.o
                              0x7ac13 (size before relaxing)
 .debug_str     0x00087851       0x37 ./board/board.o
                              0x79dda (size before relaxing)
 .debug_str     0x00087888      0x3c7 ./board/clock_config.o
                              0x79e28 (size before relaxing)
 .debug_str     0x00087c4f       0x8a ./board/pin_mux.o
                              0x79661 (size before relaxing)
 .debug_str     0x00087cd9       0xa5 ./CMSIS/system_MK64F12.o
                              0x761cb (size before relaxing)

.comment        0x00000000       0x70
 .comment       0x00000000       0x70 ./utilities/fsl_debug_console.o
                                 0x71 (size before relaxing)
 .comment       0x00000000       0x71 ./source/main.o
 .comment       0x00000000       0x71 ./source/rtos.o
 .comment       0x00000000       0x71 ./drivers/fsl_clock.o
 .comment       0x00000000       0x71 ./drivers/fsl_common.o
 .comment       0x00000000       0x71 ./drivers/fsl_dspi.o
 .comment       0x00000000       0x71 ./drivers/fsl_edma.o
 .comment       0x00000000       0x71 ./drivers/fsl_enet.o
 .comment       0x00000000       0x71 ./drivers/fsl_flexcan.o
 .comment       0x00000000       0x71 ./drivers/fsl_gpio.o
 .comment       0x00000000       0x71 ./drivers/fsl_i2c.o
 .comment       0x00000000       0x71 ./drivers/fsl_sai.o
 .comment       0x00000000       0x71 ./drivers/fsl_sdhc.o
 .comment       0x00000000       0x71 ./drivers/fsl_uart.o
 .comment       0x00000000       0x71 ./board/board.o
 .comment       0x00000000       0x71 ./board/clock_config.o
 .comment       0x00000000       0x71 ./board/pin_mux.o
 .comment       0x00000000       0x71 ./CMSIS/system_MK64F12.o

.debug_frame    0x00000000     0x3e28
 .debug_frame   0x00000000      0x1ec ./utilities/fsl_debug_console.o
 .debug_frame   0x000001ec      0x120 ./source/main.o
 .debug_frame   0x0000030c      0x354 ./source/rtos.o
 .debug_frame   0x00000660      0x6ac ./drivers/fsl_clock.o
 .debug_frame   0x00000d0c       0x88 ./drivers/fsl_common.o
 .debug_frame   0x00000d94      0x604 ./drivers/fsl_dspi.o
 .debug_frame   0x00001398      0x758 ./drivers/fsl_edma.o
 .debug_frame   0x00001af0      0x494 ./drivers/fsl_enet.o
 .debug_frame   0x00001f84      0x554 ./drivers/fsl_flexcan.o
 .debug_frame   0x000024d8       0xac ./drivers/fsl_gpio.o
 .debug_frame   0x00002584      0x574 ./drivers/fsl_i2c.o
 .debug_frame   0x00002af8      0x4fc ./drivers/fsl_sai.o
 .debug_frame   0x00002ff4      0x5cc ./drivers/fsl_sdhc.o
 .debug_frame   0x000035c0      0x51c ./drivers/fsl_uart.o
 .debug_frame   0x00003adc       0x30 ./board/board.o
 .debug_frame   0x00003b0c       0xec ./board/clock_config.o
 .debug_frame   0x00003bf8       0x80 ./board/pin_mux.o
 .debug_frame   0x00003c78       0x44 ./CMSIS/system_MK64F12.o
 .debug_frame   0x00003cbc       0x50 c:/freescale/kds_v3/toolchain/bin/../lib/gcc/arm-none-eabi/4.8.4/armv7e-m/fpu\libgcc.a(bpabi.o)
 .debug_frame   0x00003d0c       0x34 c:/freescale/kds_v3/toolchain/bin/../lib/gcc/arm-none-eabi/4.8.4/armv7e-m/fpu\libgcc.a(_divdi3.o)
 .debug_frame   0x00003d40       0x34 c:/freescale/kds_v3/toolchain/bin/../lib/gcc/arm-none-eabi/4.8.4/armv7e-m/fpu\libgcc.a(_udivdi3.o)
 .debug_frame   0x00003d74       0x28 c:/freescale/kds_v3/toolchain/bin/../lib/gcc/arm-none-eabi/4.8.4/../../../../arm-none-eabi/lib/armv7e-m/fpu\libg_s.a(lib_a-exit.o)
 .debug_frame   0x00003d9c       0x2c c:/freescale/kds_v3/toolchain/bin/../lib/gcc/arm-none-eabi/4.8.4/../../../../arm-none-eabi/lib/armv7e-m/fpu\libg_s.a(lib_a-init.o)
 .debug_frame   0x00003dc8       0x20 c:/freescale/kds_v3/toolchain/bin/../lib/gcc/arm-none-eabi/4.8.4/../../../../arm-none-eabi/lib/armv7e-m/fpu\libg_s.a(lib_a-memset.o)
 .debug_frame   0x00003de8       0x20 c:/freescale/kds_v3/toolchain/bin/../lib/gcc/arm-none-eabi/4.8.4/../../../../arm-none-eabi/lib/armv7e-m/fpu\libg_s.a(lib_a-strlen.o)
 .debug_frame   0x00003e08       0x20 c:/freescale/kds_v3/toolchain/bin/../lib/gcc/arm-none-eabi/4.8.4/../../../../arm-none-eabi/lib/armv7e-m/fpu\libnosys.a(_exit.o)
